// 同步 ID: 9cbc3837 @ Sat Jul 18 14:20:01 UTC 2026
// 同步 ID: 64fa9ec3 @ Sun Jul 19 04:25:16 UTC 2026
// 重构日志: 7682519a
// 重构日志: 69383097
// 重构日志: 95db7e38
// 重构日志: 57970dad
// 重构日志: 01a120de
// 同步 ID: ee805609 @ Tue Jul 21 07:05:30 UTC 2026
// 同步 ID: 7161583e @ Tue Jul 21 12:49:51 UTC 2026
// 重构日志: c5861972
// 同步 ID: 662b3efb @ Wed Jul 22 07:03:46 UTC 2026
// 同步 ID: a0bedf52 @ Thu Jul 23 13:26:08 UTC 2026
// 重构日志: ce311cf4
// 重构日志: 77601a73
// 同步 ID: 955a0c4b @ Sat Jul 25 08:17:21 UTC 2026
// 同步 ID: 2d22df0a @ Sat Jul 25 10:33:55 UTC 2026
// 同步 ID: 8cbc0331 @ Sat Jul 25 14:41:04 UTC 2026
// 重构日志: a9f28d64
// 同步 ID: 83fe8ec9 @ Sat Jul 25 17:21:42 UTC 2026
// 重构日志: e211b0ab
// 同步 ID: 29ece86a @ Sun Jul 26 14:29:45 UTC 2026
// 重构日志: df90becf
// 重构日志: f71f36b8
// 重构日志: c87b935d
// 同步 ID: 0308d734 @ Wed Jul 29 04:01:58 UTC 2026
// 重构日志: 6c99c111
// 重构日志: 9f4874b0
// 同步 ID: f92bb331 @ Thu Jul 30 17:01:56 UTC 2026
// 重构日志: 8353cd21
// 同步 ID: a6eb9350 @ Sun Aug  2 23:00:01 UTC 2026
